// Vitest Snapshot v1, https://vitest.dev/guide/snapshot.html

exports[`App > snapshot du rendu initial two-panel 1`] = `
<div
  class="app-shell"
>
  <aside
    class="sidebar"
  >
    <div
      class="category-manager"
    >
      <p
        class="category-manager__loading"
      >
        Chargement...
      </p>
    </div>
  </aside>
  <main
    class="main-panel"
  >
    <div
      class="script-executor"
    >
      <p
        class="script-executor__empty"
      >
        Aucun script sélectionné
      </p>
    </div>
  </main>
</div>
`;
