// Vitest Snapshot v1, https://vitest.dev/guide/snapshot.html

exports[`App > snapshot du rendu initial two-panel 1`] = `
<div
  class="app-shell"
>
  <aside
    class="sidebar"
  >
    <div
      class="folder-selector"
    >
      <button
        class="folder-selector__button"
        type="button"
      >
        Sélectionner un dossier
      </button>
    </div>
    <div
      class="script-list"
    >
      <p
        class="script-list__empty"
      >
        Aucun dossier sélectionné
      </p>
    </div>
  </aside>
  <main
    class="main-panel"
  >
    <div
      class="script-executor"
    >
      <p
        class="script-executor__empty"
      >
        Aucun script sélectionné
      </p>
    </div>
  </main>
</div>
`;
