// Vitest Snapshot v1, https://vitest.dev/guide/snapshot.html

exports[`App > snapshot of initial two-panel render 1`] = `
<div
  class="app-shell"
>
  <aside
    class="sidebar"
  >
    <div
      class="category-manager"
    >
      <p
        class="category-manager__loading"
      >
        Loading...
      </p>
    </div>
  </aside>
  <main
    class="main-panel"
  >
    <div
      class="main-panel__tabs"
    >
      <button
        class="main-panel__tab main-panel__tab--history"
        type="button"
      >
        History
      </button>
    </div>
    <p
      class="main-panel__empty"
    >
      Select a script from the sidebar
    </p>
  </main>
</div>
`;
